<html>
<body>
<pre>
<h1>µVision Build Log</h1>
<h2>Project:</h2>
N:\ECE254\ECE254_Git\Lab2\RTX_App\RTX_App.uvproj
Project File Date:  09/28/2016

<h2>Output:</h2>
Build Project 'RTX_App' - Target 'Starter SIM'
assembling startup_LPC17xx.s...
compiling RTX_Conf_CM.c...
compiling Retarget.c...
compiling system_LPC17xx.c...
compiling uart_polling.c...
compiling main_task_exp.c...
linking...
Program Size: Code=9160 RO-data=316 RW-data=156 ZI-data=8484  
".\build\FLASH\RTX_APP.axf" - 0 Error(s), 0 Warning(s).
Build Project 'RTX_App' - Target 'Starter SIM'
compiling main_task_exp.c...
linking...
Program Size: Code=9184 RO-data=316 RW-data=156 ZI-data=8484  
".\build\FLASH\RTX_APP.axf" - 0 Error(s), 0 Warning(s).
Build Project 'RTX_App' - Target 'Starter SIM'
compiling main_task_exp.c...
N:\ECE254\ECE254_Git\Lab2\RTX_App\src\main_task_exp.c(45): error:  #20: identifier "task3" is undefined
N:\ECE254\ECE254_Git\Lab2\RTX_App\src\main_task_exp.c(46): error:  #146: too many initializer values
N:\ECE254\ECE254_Git\Lab2\RTX_App\src\main_task_exp.c(46): error:  #20: identifier "task4" is undefined
Target not created
Build Project 'RTX_App' - Target 'Starter SIM'
compiling main_task_exp.c...
N:\ECE254\ECE254_Git\Lab2\RTX_App\src\main_task_exp.c(48): error:  #146: too many initializer values
Target not created
Build Project 'RTX_App' - Target 'Starter SIM'
compiling main_task_exp.c...
linking...
Program Size: Code=9184 RO-data=316 RW-data=196 ZI-data=8484  
".\build\FLASH\RTX_APP.axf" - 0 Error(s), 0 Warning(s).
Build Project 'RTX_App' - Target 'Starter SIM'
compiling main_task_exp.c...
N:\ECE254\ECE254_Git\Lab2\RTX_App\src\main_task_exp.c(49): error:  #20: identifier "task5" is undefined
N:\ECE254\ECE254_Git\Lab2\RTX_App\src\main_task_exp.c(110): error:  #18: expected a ")"
N:\ECE254\ECE254_Git\Lab2\RTX_App\src\main_task_exp.c(110): error:  #127: expected a statement
N:\ECE254\ECE254_Git\Lab2\RTX_App\src\main_task_exp.c(107): warning:  #177-D: variable "address" was declared but never referenced
N:\ECE254\ECE254_Git\Lab2\RTX_App\src\main_task_exp.c(110): error:  #169: expected a declaration
N:\ECE254\ECE254_Git\Lab2\RTX_App\src\main_task_exp.c(116): error:  #169: expected a declaration
N:\ECE254\ECE254_Git\Lab2\RTX_App\src\main_task_exp.c(139): warning:  #12-D: parsing restarts here after previous syntax error
N:\ECE254\ECE254_Git\Lab2\RTX_App\src\main_task_exp.c(140): error:  #79: expected a type specifier
N:\ECE254\ECE254_Git\Lab2\RTX_App\src\main_task_exp.c(140): error:  #757: variable "g_mut_uart" is not a type name
N:\ECE254\ECE254_Git\Lab2\RTX_App\src\main_task_exp.c(140): error:  #79: expected a type specifier
N:\ECE254\ECE254_Git\Lab2\RTX_App\src\main_task_exp.c(140): warning:  #77-D: this declaration has no storage class or type specifier
N:\ECE254\ECE254_Git\Lab2\RTX_App\src\main_task_exp.c(140): error:  #147-D: declaration is incompatible with "OS_RESULT _os_mut_wait(U32, OS_ID, U16)__svc(2147483648)" (declared at line 316 of "C:\Software\Keil\ARM\RV31\INC\RTL.h")
N:\ECE254\ECE254_Git\Lab2\RTX_App\src\main_task_exp.c(141): error:  #79: expected a type specifier
N:\ECE254\ECE254_Git\Lab2\RTX_App\src\main_task_exp.c(141): error:  #20: identifier "addrs" is undefined
N:\ECE254\ECE254_Git\Lab2\RTX_App\src\main_task_exp.c(141): error:  #20: identifier "i" is undefined
N:\ECE254\ECE254_Git\Lab2\RTX_App\src\main_task_exp.c(141): error:  #20: identifier "res" is undefined
N:\ECE254\ECE254_Git\Lab2\RTX_App\src\main_task_exp.c(141): warning:  #77-D: this declaration has no storage class or type specifier
N:\ECE254\ECE254_Git\Lab2\RTX_App\src\main_task_exp.c(141): error:  #147-D: declaration is incompatible with "int printf(const char *restrict, ...)" (declared at line 365 of "C:\Software\Keil\ARM\ARMCC\bin\..\include\stdio.h")
N:\ECE254\ECE254_Git\Lab2\RTX_App\src\main_task_exp.c(142): error:  #79: expected a type specifier
N:\ECE254\ECE254_Git\Lab2\RTX_App\src\main_task_exp.c(142): error:  #757: variable "g_mut_uart" is not a type name
N:\ECE254\ECE254_Git\Lab2\RTX_App\src\main_task_exp.c(142): warning:  #77-D: this declaration has no storage class or type specifier
N:\ECE254\ECE254_Git\Lab2\RTX_App\src\main_task_exp.c(142): error:  #147-D: declaration is incompatible with "OS_RESULT _os_mut_release(U32, OS_ID)__svc(2147483648)" (declared at line 315 of "C:\Software\Keil\ARM\RV31\INC\RTL.h")
N:\ECE254\ECE254_Git\Lab2\RTX_App\src\main_task_exp.c(143): error:  #169: expected a declaration
N:\ECE254\ECE254_Git\Lab2\RTX_App\src\main_task_exp.c(146): error:  #169: expected a declaration
N:\ECE254\ECE254_Git\Lab2\RTX_App\src\main_task_exp.c(186): warning:  #12-D: parsing restarts here after previous syntax error
N:\ECE254\ECE254_Git\Lab2\RTX_App\src\main_task_exp.c(187): error:  #79: expected a type specifier
N:\ECE254\ECE254_Git\Lab2\RTX_App\src\main_task_exp.c(187): error:  #757: variable "g_tid" is not a type name
N:\ECE254\ECE254_Git\Lab2\RTX_App\src\main_task_exp.c(187): warning:  #77-D: this declaration has no storage class or type specifier
N:\ECE254\ECE254_Git\Lab2\RTX_App\src\main_task_exp.c(187): error:  #147-D: declaration is incompatible with "int printf(<error-type>, <error-type>, <error-type>)" (declared at line 365 of "C:\Software\Keil\ARM\ARMCC\bin\..\include\stdio.h")
N:\ECE254\ECE254_Git\Lab2\RTX_App\src\main_task_exp.c(188): error:  #79: expected a type specifier
N:\ECE254\ECE254_Git\Lab2\RTX_App\src\main_task_exp.c(188): error:  #757: variable "g_mut_uart" is not a type name
N:\ECE254\ECE254_Git\Lab2\RTX_App\src\main_task_exp.c(188): warning:  #77-D: this declaration has no storage class or type specifier
N:\ECE254\ECE254_Git\Lab2\RTX_App\src\main_task_exp.c(190): error:  #77-D: this declaration has no storage class or type specifier
N:\ECE254\ECE254_Git\Lab2\RTX_App\src\main_task_exp.c(190): error:  #147: declaration is incompatible with "OS_TID g_tid" (declared at line 35)
N:\ECE254\ECE254_Git\Lab2\RTX_App\src\main_task_exp.c(190): error:  #59: function call is not allowed in a constant expression
N:\ECE254\ECE254_Git\Lab2\RTX_App\src\main_task_exp.c(190): warning:  #1296-D: extended constant initialiser used
N:\ECE254\ECE254_Git\Lab2\RTX_App\src\main_task_exp.c(191): error:  #79: expected a type specifier
N:\ECE254\ECE254_Git\Lab2\RTX_App\src\main_task_exp.c(191): error:  #757: variable "g_mut_uart" is not a type name
N:\ECE254\ECE254_Git\Lab2\RTX_App\src\main_task_exp.c(191): error:  #79: expected a type specifier
Target not created
Build Project 'RTX_App' - Target 'Starter SIM'
compiling main_task_exp.c...
N:\ECE254\ECE254_Git\Lab2\RTX_App\src\main_task_exp.c(111): error:  #18: expected a ")"
N:\ECE254\ECE254_Git\Lab2\RTX_App\src\main_task_exp.c(111): error:  #127: expected a statement
N:\ECE254\ECE254_Git\Lab2\RTX_App\src\main_task_exp.c(108): warning:  #177-D: variable "address" was declared but never referenced
N:\ECE254\ECE254_Git\Lab2\RTX_App\src\main_task_exp.c(111): error:  #169: expected a declaration
N:\ECE254\ECE254_Git\Lab2\RTX_App\src\main_task_exp.c(117): error:  #169: expected a declaration
N:\ECE254\ECE254_Git\Lab2\RTX_App\src\main_task_exp.c(140): warning:  #12-D: parsing restarts here after previous syntax error
N:\ECE254\ECE254_Git\Lab2\RTX_App\src\main_task_exp.c(141): error:  #79: expected a type specifier
N:\ECE254\ECE254_Git\Lab2\RTX_App\src\main_task_exp.c(141): error:  #757: variable "g_mut_uart" is not a type name
N:\ECE254\ECE254_Git\Lab2\RTX_App\src\main_task_exp.c(141): error:  #79: expected a type specifier
N:\ECE254\ECE254_Git\Lab2\RTX_App\src\main_task_exp.c(141): warning:  #77-D: this declaration has no storage class or type specifier
N:\ECE254\ECE254_Git\Lab2\RTX_App\src\main_task_exp.c(141): error:  #147-D: declaration is incompatible with "OS_RESULT _os_mut_wait(U32, OS_ID, U16)__svc(2147483648)" (declared at line 316 of "C:\Software\Keil\ARM\RV31\INC\RTL.h")
N:\ECE254\ECE254_Git\Lab2\RTX_App\src\main_task_exp.c(142): error:  #79: expected a type specifier
N:\ECE254\ECE254_Git\Lab2\RTX_App\src\main_task_exp.c(142): error:  #20: identifier "addrs" is undefined
N:\ECE254\ECE254_Git\Lab2\RTX_App\src\main_task_exp.c(142): error:  #20: identifier "i" is undefined
N:\ECE254\ECE254_Git\Lab2\RTX_App\src\main_task_exp.c(142): error:  #20: identifier "res" is undefined
N:\ECE254\ECE254_Git\Lab2\RTX_App\src\main_task_exp.c(142): warning:  #77-D: this declaration has no storage class or type specifier
N:\ECE254\ECE254_Git\Lab2\RTX_App\src\main_task_exp.c(142): error:  #147-D: declaration is incompatible with "int printf(const char *restrict, ...)" (declared at line 365 of "C:\Software\Keil\ARM\ARMCC\bin\..\include\stdio.h")
N:\ECE254\ECE254_Git\Lab2\RTX_App\src\main_task_exp.c(143): error:  #79: expected a type specifier
N:\ECE254\ECE254_Git\Lab2\RTX_App\src\main_task_exp.c(143): error:  #757: variable "g_mut_uart" is not a type name
N:\ECE254\ECE254_Git\Lab2\RTX_App\src\main_task_exp.c(143): warning:  #77-D: this declaration has no storage class or type specifier
N:\ECE254\ECE254_Git\Lab2\RTX_App\src\main_task_exp.c(143): error:  #147-D: declaration is incompatible with "OS_RESULT _os_mut_release(U32, OS_ID)__svc(2147483648)" (declared at line 315 of "C:\Software\Keil\ARM\RV31\INC\RTL.h")
N:\ECE254\ECE254_Git\Lab2\RTX_App\src\main_task_exp.c(144): error:  #169: expected a declaration
N:\ECE254\ECE254_Git\Lab2\RTX_App\src\main_task_exp.c(147): error:  #169: expected a declaration
N:\ECE254\ECE254_Git\Lab2\RTX_App\src\main_task_exp.c(187): warning:  #12-D: parsing restarts here after previous syntax error
N:\ECE254\ECE254_Git\Lab2\RTX_App\src\main_task_exp.c(188): error:  #79: expected a type specifier
N:\ECE254\ECE254_Git\Lab2\RTX_App\src\main_task_exp.c(188): error:  #757: variable "g_tid" is not a type name
N:\ECE254\ECE254_Git\Lab2\RTX_App\src\main_task_exp.c(188): warning:  #77-D: this declaration has no storage class or type specifier
N:\ECE254\ECE254_Git\Lab2\RTX_App\src\main_task_exp.c(188): error:  #147-D: declaration is incompatible with "int printf(<error-type>, <error-type>, <error-type>)" (declared at line 365 of "C:\Software\Keil\ARM\ARMCC\bin\..\include\stdio.h")
N:\ECE254\ECE254_Git\Lab2\RTX_App\src\main_task_exp.c(189): error:  #79: expected a type specifier
N:\ECE254\ECE254_Git\Lab2\RTX_App\src\main_task_exp.c(189): error:  #757: variable "g_mut_uart" is not a type name
N:\ECE254\ECE254_Git\Lab2\RTX_App\src\main_task_exp.c(189): warning:  #77-D: this declaration has no storage class or type specifier
N:\ECE254\ECE254_Git\Lab2\RTX_App\src\main_task_exp.c(191): error:  #77-D: this declaration has no storage class or type specifier
N:\ECE254\ECE254_Git\Lab2\RTX_App\src\main_task_exp.c(191): error:  #147: declaration is incompatible with "OS_TID g_tid" (declared at line 36)
N:\ECE254\ECE254_Git\Lab2\RTX_App\src\main_task_exp.c(191): error:  #59: function call is not allowed in a constant expression
N:\ECE254\ECE254_Git\Lab2\RTX_App\src\main_task_exp.c(191): warning:  #1296-D: extended constant initialiser used
N:\ECE254\ECE254_Git\Lab2\RTX_App\src\main_task_exp.c(192): error:  #79: expected a type specifier
N:\ECE254\ECE254_Git\Lab2\RTX_App\src\main_task_exp.c(192): error:  #757: variable "g_mut_uart" is not a type name
N:\ECE254\ECE254_Git\Lab2\RTX_App\src\main_task_exp.c(192): error:  #79: expected a type specifier
N:\ECE254\ECE254_Git\Lab2\RTX_App\src\main_task_exp.c(192): warning:  #77-D: this declaration has no storage class or type specifier
N:\ECE254\ECE254_Git\Lab2\RTX_App\src\main_task_exp.c(193): error:  #79: expected a type specifier
Target not created
Build Project 'RTX_App' - Target 'Starter SIM'
compiling main_task_exp.c...
linking...
Program Size: Code=9564 RO-data=316 RW-data=216 ZI-data=8480  
".\build\FLASH\RTX_APP.axf" - 0 Error(s), 0 Warning(s).
Build Project 'RTX_App' - Target 'Starter SIM'
compiling main_task_exp.c...
linking...
Program Size: Code=9564 RO-data=316 RW-data=216 ZI-data=8480  
".\build\FLASH\RTX_APP.axf" - 0 Error(s), 0 Warning(s).
Build Project 'RTX_App' - Target 'Starter SIM'
compiling main_task_exp.c...
linking...
Program Size: Code=9564 RO-data=316 RW-data=216 ZI-data=8480  
".\build\FLASH\RTX_APP.axf" - 0 Error(s), 0 Warning(s).
Build Project 'RTX_App' - Target 'Starter SIM'
compiling main_task_exp.c...
linking...
Program Size: Code=9572 RO-data=316 RW-data=216 ZI-data=8480  
".\build\FLASH\RTX_APP.axf" - 0 Error(s), 0 Warning(s).
Build Project 'RTX_App' - Target 'Starter SIM'
compiling main_task_exp.c...
linking...
Program Size: Code=9572 RO-data=316 RW-data=216 ZI-data=8480  
".\build\FLASH\RTX_APP.axf" - 0 Error(s), 0 Warning(s).
